\BOOKMARK [1][-]{section.1}{\376\377\225\356\230\230\221\315\217\360\116\016\122\006\147\220}{}% 1
\BOOKMARK [2][-]{subsection.1.1}{\376\377\225\356\230\230\221\315\217\360}{section.1}% 2
\BOOKMARK [2][-]{subsection.1.2}{\376\377\225\356\230\230\122\006\147\220}{section.1}% 3
\BOOKMARK [1][-]{section.2}{\376\377\152\041\127\213\120\107\213\276\116\016\145\160\143\156\217\271\165\114}{}% 4
\BOOKMARK [2][-]{subsection.2.1}{\376\377\173\046\123\367\213\364\146\016}{section.2}% 5
\BOOKMARK [1][-]{section.3}{\376\377\145\160\143\156\147\145\156\220\060\001\152\041\127\213\154\140\116\016\150\070\137\303\143\007\150\007}{}% 6
\BOOKMARK [2][-]{subsection.3.1}{\376\377\120\031\220\011\152\041\127\213\173\133\220\011}{section.3}% 7
\BOOKMARK [2][-]{subsection.3.2}{\376\377\157\134\127\050\143\007\150\007\154\140\116\016\150\070\137\303\143\007\150\007\173\133\220\011}{section.3}% 8
\BOOKMARK [2][-]{subsection.3.3}{\376\377\145\160\143\156\147\145\156\220\116\016\177\072\131\061\131\004\164\006}{section.3}% 9
\BOOKMARK [1][-]{section.4}{\376\377\225\356\230\230\116\000\377\032\000C\000R\000I\000T\000I\000C\040\023\000T\000O\000P\000S\000I\000S\000\040\176\374\124\010\213\304\116\367}{}% 10
\BOOKMARK [2][-]{subsection.4.1}{\376\377\166\370\121\163\140\047\116\016\143\007\150\007\117\335\165\131}{section.4}% 11
\BOOKMARK [2][-]{subsection.4.2}{\376\377\000C\000R\000I\000T\000I\000C\000\040\133\242\211\302\215\113\147\103}{section.4}% 12
\BOOKMARK [2][-]{subsection.4.3}{\376\377\000T\000O\000P\000S\000I\000S\000\040\176\374\124\010\213\304\116\367}{section.4}% 13
\BOOKMARK [1][-]{section.5}{\376\377\225\356\230\230\116\214\377\032\116\011\174\173\127\072\146\157\213\304\116\367}{}% 14
\BOOKMARK [2][-]{subsection.5.1}{\376\377\127\072\146\157\147\103\221\315\147\204\220\040}{section.5}% 15
\BOOKMARK [2][-]{subsection.5.2}{\376\377\215\350\127\072\146\157\143\222\124\015\135\356\137\002\166\204\121\205\127\050\147\072\164\006}{section.5}% 16
\BOOKMARK [1][-]{section.6}{\376\377\225\356\230\230\116\011\377\032\140\047\200\375\040\023\142\020\147\054\116\016\220\350\177\162\145\110\163\207}{}% 17
\BOOKMARK [2][-]{subsection.6.1}{\376\377\215\047\136\001\142\020\147\054\124\214\000\040\000P\000a\000r\000e\000t\000o\000\040\122\115\154\277}{section.6}% 18
\BOOKMARK [2][-]{subsection.6.2}{\376\377\173\227\122\233\200\375\200\027\145\160\143\156\217\271\165\114}{section.6}% 19
\BOOKMARK [2][-]{subsection.6.3}{\376\377\116\045\150\074\123\357\153\324\220\350\177\162\145\110\163\207\133\120\122\006\147\220}{section.6}% 20
\BOOKMARK [2][-]{subsection.6.4}{\376\377\142\020\147\054\040\023\140\047\200\375\143\242\175\042\140\047\121\163\174\373}{section.6}% 21
\BOOKMARK [1][-]{section.7}{\376\377\172\063\120\145\140\047\122\006\147\220}{}% 22
\BOOKMARK [2][-]{subsection.7.1}{\376\377\145\271\154\325\116\016\123\302\145\160\172\063\120\145\140\047}{section.7}% 23
\BOOKMARK [2][-]{subsection.7.2}{\376\377\150\067\147\054\226\306\124\010\145\117\141\037\140\047\150\300\232\214}{section.7}% 24
\BOOKMARK [2][-]{subsection.7.3}{\376\377\127\072\146\157\176\304\124\010\174\373\145\160\145\117\141\037\140\047}{section.7}% 25
\BOOKMARK [1][-]{section.8}{\376\377\152\041\127\213\213\304\116\367\116\016\134\100\226\120}{}% 26
\BOOKMARK [2][-]{subsection.8.1}{\376\377\145\271\154\325\162\171\160\271}{section.8}% 27
\BOOKMARK [2][-]{subsection.8.2}{\376\377\134\100\226\120\140\047}{section.8}% 28
\BOOKMARK [2][-]{subsection.8.3}{\376\377\145\071\217\333\145\271\124\021}{section.8}% 29
\BOOKMARK [1][-]{section.9}{\376\377\176\323\213\272\116\016\136\372\213\256}{}% 30
\BOOKMARK [1][-]{section.10}{\376\377\000A\000I\000\040\135\345\121\167\117\177\165\050\130\360\146\016}{}% 31
\BOOKMARK [1][-]{appendix.A}{\376\377\145\057\144\221\147\120\145\231\145\207\116\366\156\005\123\125}{}% 32
\BOOKMARK [1][-]{appendix.B}{\376\377\133\214\145\164\156\220\172\013\136\217\116\343\170\001}{}% 33
